// Jest Snapshot v1, https://goo.gl/fbAQLP

exports[`Button snapshot 1`] = `
<View
  accessibilityState={
    {
      "busy": undefined,
      "checked": undefined,
      "disabled": undefined,
      "expanded": undefined,
      "selected": undefined,
    }
  }
  accessibilityValue={
    {
      "max": undefined,
      "min": undefined,
      "now": undefined,
      "text": undefined,
    }
  }
  accessible={true}
  collapsable={false}
  focusable={true}
  onClick={[Function]}
  onResponderGrant={[Function]}
  onResponderMove={[Function]}
  onResponderRelease={[Function]}
  onResponderTerminate={[Function]}
  onResponderTerminationRequest={[Function]}
  onStartShouldSetResponder={[Function]}
  style={
    {
      "alignItems": "center",
      "backgroundColor": "rgba(166, 167, 246, 1)",
      "borderRadius": 20,
      "justifyContent": "center",
      "opacity": 1,
      "paddingHorizontal": 24,
      "paddingVertical": 12,
    }
  }
>
  <Text
    style={
      [
        {
          "color": "#fff",
          "fontSize": 16,
          "fontWeight": "600",
        },
        undefined,
      ]
    }
  >
    Save
  </Text>
</View>
`;
